// Jest Snapshot v1, https://goo.gl/fbAQLP

exports[`Cursor empty renders as expeted 1`] = `
<span
  class="console-cursor"
/>
`;
